O:15:"SqlParser\Lexer":7:{s:6:"strict";b:0;s:3:"str";s:105:"# comment
SELECT /*! STRAIGHT_JOIN */ col1 FROM table1, table2 /* select query */
-- comment
-- comment 2";s:3:"len";i:105;s:4:"last";i:106;s:6:"tokens";O:20:"SqlParser\TokensList":3:{s:6:"tokens";a:19:{i:0;O:15:"SqlParser\Token":5:{s:5:"token";s:10:"# comment
";s:5:"value";s:10:"# comment
";s:4:"type";i:4;s:5:"flags";i:1;s:8:"position";i:0;}i:1;O:15:"SqlParser\Token":5:{s:5:"token";s:6:"SELECT";s:5:"value";s:6:"SELECT";s:4:"type";i:1;s:5:"flags";i:0;s:8:"position";i:10;}i:2;O:15:"SqlParser\Token":5:{s:5:"token";s:1:" ";s:5:"value";s:1:" ";s:4:"type";i:3;s:5:"flags";i:0;s:8:"position";i:16;}i:3;O:15:"SqlParser\Token":5:{s:5:"token";s:20:"/*! STRAIGHT_JOIN */";s:5:"value";s:20:"/*! STRAIGHT_JOIN */";s:4:"type";i:4;s:5:"flags";i:10;s:8:"position";i:17;}i:4;O:15:"SqlParser\Token":5:{s:5:"token";s:1:" ";s:5:"value";s:1:" ";s:4:"type";i:3;s:5:"flags";i:0;s:8:"position";i:37;}i:5;O:15:"SqlParser\Token":5:{s:5:"token";s:4:"col1";s:5:"value";s:4:"col1";s:4:"type";i:0;s:5:"flags";i:0;s:8:"position";i:38;}i:6;O:15:"SqlParser\Token":5:{s:5:"token";s:1:" ";s:5:"value";s:1:" ";s:4:"type";i:3;s:5:"flags";i:0;s:8:"position";i:42;}i:7;O:15:"SqlParser\Token":5:{s:5:"token";s:4:"FROM";s:5:"value";s:4:"FROM";s:4:"type";i:1;s:5:"flags";i:0;s:8:"position";i:43;}i:8;O:15:"SqlParser\Token":5:{s:5:"token";s:1:" ";s:5:"value";s:1:" ";s:4:"type";i:3;s:5:"flags";i:0;s:8:"position";i:47;}i:9;O:15:"SqlParser\Token":5:{s:5:"token";s:6:"table1";s:5:"value";s:6:"table1";s:4:"type";i:0;s:5:"flags";i:0;s:8:"position";i:48;}i:10;O:15:"SqlParser\Token":5:{s:5:"token";s:1:",";s:5:"value";s:1:",";s:4:"type";i:2;s:5:"flags";i:16;s:8:"position";i:54;}i:11;O:15:"SqlParser\Token":5:{s:5:"token";s:1:" ";s:5:"value";s:1:" ";s:4:"type";i:3;s:5:"flags";i:0;s:8:"position";i:55;}i:12;O:15:"SqlParser\Token":5:{s:5:"token";s:6:"table2";s:5:"value";s:6:"table2";s:4:"type";i:0;s:5:"flags";i:0;s:8:"position";i:56;}i:13;O:15:"SqlParser\Token":5:{s:5:"token";s:1:" ";s:5:"value";s:1:" ";s:4:"type";i:3;s:5:"flags";i:0;s:8:"position";i:62;}i:14;O:15:"SqlParser\Token":5:{s:5:"token";s:18:"/* select query */";s:5:"value";s:18:"/* select query */";s:4:"type";i:4;s:5:"flags";i:2;s:8:"position";i:63;}i:15;O:15:"SqlParser\Token":5:{s:5:"token";s:1:"
";s:5:"value";s:1:" ";s:4:"type";i:3;s:5:"flags";i:0;s:8:"position";i:81;}i:16;O:15:"SqlParser\Token":5:{s:5:"token";s:11:"-- comment
";s:5:"value";s:11:"-- comment
";s:4:"type";i:4;s:5:"flags";i:4;s:8:"position";i:82;}i:17;O:15:"SqlParser\Token":5:{s:5:"token";s:12:"-- comment 2";s:5:"value";s:12:"-- comment 2";s:4:"type";i:4;s:5:"flags";i:4;s:8:"position";i:93;}i:18;O:15:"SqlParser\Token":5:{s:5:"token";N;s:5:"value";N;s:4:"type";i:9;s:5:"flags";i:0;s:8:"position";N;}}s:5:"count";i:19;s:3:"idx";i:0;}s:9:"delimiter";s:1:";";s:6:"errors";a:0:{}}