a:2:{s:6:"parser";O:16:"SqlParser\Parser":4:{s:4:"list";O:20:"SqlParser\TokensList":3:{s:6:"tokens";a:37:{i:0;O:15:"SqlParser\Token":5:{s:5:"token";s:6:"DELETE";s:5:"value";s:6:"DELETE";s:4:"type";i:1;s:5:"flags";i:1;s:8:"position";i:0;}i:1;O:15:"SqlParser\Token":5:{s:5:"token";s:1:" ";s:5:"value";s:1:" ";s:4:"type";i:3;s:5:"flags";i:0;s:8:"position";i:6;}i:2;O:15:"SqlParser\Token":5:{s:5:"token";s:12:"LOW_PRIORITY";s:5:"value";s:12:"LOW_PRIORITY";s:4:"type";i:1;s:5:"flags";i:1;s:8:"position";i:7;}i:3;O:15:"SqlParser\Token":5:{s:5:"token";s:1:"
";s:5:"value";s:1:" ";s:4:"type";i:3;s:5:"flags";i:0;s:8:"position";i:19;}i:4;O:15:"SqlParser\Token":5:{s:5:"token";s:4:"FROM";s:5:"value";s:4:"FROM";s:4:"type";i:1;s:5:"flags";i:1;s:8:"position";i:20;}i:5;O:15:"SqlParser\Token":5:{s:5:"token";s:5:"
    ";s:5:"value";s:1:" ";s:4:"type";i:3;s:5:"flags";i:0;s:8:"position";i:24;}i:6;O:15:"SqlParser\Token":5:{s:5:"token";s:6:"`test`";s:5:"value";s:4:"test";s:4:"type";i:8;s:5:"flags";i:2;s:8:"position";i:29;}i:7;O:15:"SqlParser\Token":5:{s:5:"token";s:1:".";s:5:"value";s:1:".";s:4:"type";i:2;s:5:"flags";i:16;s:8:"position";i:35;}i:8;O:15:"SqlParser\Token":5:{s:5:"token";s:5:"users";s:5:"value";s:5:"users";s:4:"type";i:0;s:5:"flags";i:0;s:8:"position";i:36;}i:9;O:15:"SqlParser\Token":5:{s:5:"token";s:1:"
";s:5:"value";s:1:" ";s:4:"type";i:3;s:5:"flags";i:0;s:8:"position";i:41;}i:10;O:15:"SqlParser\Token":5:{s:5:"token";s:5:"WHERE";s:5:"value";s:5:"WHERE";s:4:"type";i:1;s:5:"flags";i:1;s:8:"position";i:42;}i:11;O:15:"SqlParser\Token":5:{s:5:"token";s:5:"
    ";s:5:"value";s:1:" ";s:4:"type";i:3;s:5:"flags";i:0;s:8:"position";i:47;}i:12;O:15:"SqlParser\Token":5:{s:5:"token";s:4:"`id`";s:5:"value";s:2:"id";s:4:"type";i:8;s:5:"flags";i:2;s:8:"position";i:52;}i:13;O:15:"SqlParser\Token":5:{s:5:"token";s:1:"<";s:5:"value";s:1:"<";s:4:"type";i:2;s:5:"flags";i:2;s:8:"position";i:56;}i:14;O:15:"SqlParser\Token":5:{s:5:"token";s:1:"3";s:5:"value";i:3;s:4:"type";i:6;s:5:"flags";i:0;s:8:"position";i:57;}i:15;O:15:"SqlParser\Token":5:{s:5:"token";s:1:" ";s:5:"value";s:1:" ";s:4:"type";i:3;s:5:"flags";i:0;s:8:"position";i:58;}i:16;O:15:"SqlParser\Token":5:{s:5:"token";s:3:"AND";s:5:"value";s:3:"AND";s:4:"type";i:1;s:5:"flags";i:1;s:8:"position";i:59;}i:17;O:15:"SqlParser\Token":5:{s:5:"token";s:1:" ";s:5:"value";s:1:" ";s:4:"type";i:3;s:5:"flags";i:0;s:8:"position";i:62;}i:18;O:15:"SqlParser\Token":5:{s:5:"token";s:1:"(";s:5:"value";s:1:"(";s:4:"type";i:2;s:5:"flags";i:16;s:8:"position";i:63;}i:19;O:15:"SqlParser\Token":5:{s:5:"token";s:8:"username";s:5:"value";s:8:"username";s:4:"type";i:0;s:5:"flags";i:0;s:8:"position";i:64;}i:20;O:15:"SqlParser\Token":5:{s:5:"token";s:1:"=";s:5:"value";s:1:"=";s:4:"type";i:2;s:5:"flags";i:2;s:8:"position";i:72;}i:21;O:15:"SqlParser\Token":5:{s:5:"token";s:5:""Dan"";s:5:"value";s:3:"Dan";s:4:"type";i:7;s:5:"flags";i:2;s:8:"position";i:73;}i:22;O:15:"SqlParser\Token":5:{s:5:"token";s:1:" ";s:5:"value";s:1:" ";s:4:"type";i:3;s:5:"flags";i:0;s:8:"position";i:78;}i:23;O:15:"SqlParser\Token":5:{s:5:"token";s:2:"or";s:5:"value";s:2:"OR";s:4:"type";i:1;s:5:"flags";i:1;s:8:"position";i:79;}i:24;O:15:"SqlParser\Token":5:{s:5:"token";s:1:" ";s:5:"value";s:1:" ";s:4:"type";i:3;s:5:"flags";i:0;s:8:"position";i:81;}i:25;O:15:"SqlParser\Token":5:{s:5:"token";s:8:"username";s:5:"value";s:8:"username";s:4:"type";i:0;s:5:"flags";i:0;s:8:"position";i:82;}i:26;O:15:"SqlParser\Token":5:{s:5:"token";s:1:"=";s:5:"value";s:1:"=";s:4:"type";i:2;s:5:"flags";i:2;s:8:"position";i:90;}i:27;O:15:"SqlParser\Token":5:{s:5:"token";s:6:""Paul"";s:5:"value";s:4:"Paul";s:4:"type";i:7;s:5:"flags";i:2;s:8:"position";i:91;}i:28;O:15:"SqlParser\Token":5:{s:5:"token";s:1:")";s:5:"value";s:1:")";s:4:"type";i:2;s:5:"flags";i:16;s:8:"position";i:97;}i:29;O:15:"SqlParser\Token":5:{s:5:"token";s:1:"
";s:5:"value";s:1:" ";s:4:"type";i:3;s:5:"flags";i:0;s:8:"position";i:98;}i:30;O:15:"SqlParser\Token":5:{s:5:"token";s:5:"ORDER";s:5:"value";s:5:"ORDER";s:4:"type";i:1;s:5:"flags";i:1;s:8:"position";i:99;}i:31;O:15:"SqlParser\Token":5:{s:5:"token";s:1:" ";s:5:"value";s:1:" ";s:4:"type";i:3;s:5:"flags";i:0;s:8:"position";i:104;}i:32;O:15:"SqlParser\Token":5:{s:5:"token";s:2:"BY";s:5:"value";s:2:"BY";s:4:"type";i:1;s:5:"flags";i:1;s:8:"position";i:105;}i:33;O:15:"SqlParser\Token":5:{s:5:"token";s:5:"
    ";s:5:"value";s:1:" ";s:4:"type";i:3;s:5:"flags";i:0;s:8:"position";i:107;}i:34;O:15:"SqlParser\Token":5:{s:5:"token";s:2:"id";s:5:"value";s:2:"id";s:4:"type";i:0;s:5:"flags";i:0;s:8:"position";i:112;}i:35;O:15:"SqlParser\Token":5:{s:5:"token";s:1:";";s:5:"value";s:1:";";s:4:"type";i:9;s:5:"flags";i:0;s:8:"position";i:114;}i:36;O:15:"SqlParser\Token":5:{s:5:"token";N;s:5:"value";N;s:4:"type";i:9;s:5:"flags";i:0;s:8:"position";N;}}s:5:"count";i:37;s:3:"idx";i:37;}s:6:"strict";b:0;s:6:"errors";a:0:{}s:10:"statements";a:1:{i:0;O:36:"SqlParser\Statements\DeleteStatement":8:{s:7:"options";O:35:"SqlParser\Fragments\OptionsFragment":1:{s:7:"options";a:1:{i:1;s:12:"LOW_PRIORITY";}}s:4:"from";a:1:{i:0;O:33:"SqlParser\Fragments\FieldFragment":5:{s:8:"database";s:4:"test";s:5:"table";s:5:"users";s:6:"column";N;s:4:"expr";s:12:"`test`.users";s:5:"alias";N;}}s:9:"partition";N;s:5:"where";a:7:{i:0;O:32:"SqlParser\Fragments\WhereKeyword":2:{s:10:"isOperator";b:0;s:9:"condition";s:6:"`id`<3";}i:1;O:32:"SqlParser\Fragments\WhereKeyword":2:{s:10:"isOperator";b:1;s:9:"condition";s:3:"AND";}i:2;O:32:"SqlParser\Fragments\WhereKeyword":2:{s:10:"isOperator";b:1;s:9:"condition";s:1:"(";}i:3;O:32:"SqlParser\Fragments\WhereKeyword":2:{s:10:"isOperator";b:0;s:9:"condition";s:14:"username="Dan"";}i:4;O:32:"SqlParser\Fragments\WhereKeyword":2:{s:10:"isOperator";b:1;s:9:"condition";s:2:"OR";}i:5;O:32:"SqlParser\Fragments\WhereKeyword":2:{s:10:"isOperator";b:0;s:9:"condition";s:15:"username="Paul"";}i:6;O:32:"SqlParser\Fragments\WhereKeyword":2:{s:10:"isOperator";b:1;s:9:"condition";s:1:")";}}s:5:"order";a:1:{i:0;O:32:"SqlParser\Fragments\OrderKeyword":2:{s:6:"column";s:2:"id";s:4:"type";s:3:"ASC";}}s:5:"limit";N;s:5:"first";N;s:4:"last";i:34;}}}s:6:"errors";a:0:{}}