a:2:{s:6:"parser";O:16:"SqlParser\Parser":4:{s:4:"list";O:20:"SqlParser\TokensList":3:{s:6:"tokens";a:34:{i:0;O:15:"SqlParser\Token":5:{s:5:"token";s:6:"CREATE";s:5:"value";s:6:"CREATE";s:4:"type";i:1;s:5:"flags";i:3;s:8:"position";i:0;}i:1;O:15:"SqlParser\Token":5:{s:5:"token";s:1:" ";s:5:"value";s:1:" ";s:4:"type";i:3;s:5:"flags";i:0;s:8:"position";i:6;}i:2;O:15:"SqlParser\Token":5:{s:5:"token";s:7:"TRIGGER";s:5:"value";s:7:"TRIGGER";s:4:"type";i:1;s:5:"flags";i:3;s:8:"position";i:7;}i:3;O:15:"SqlParser\Token":5:{s:5:"token";s:1:" ";s:5:"value";s:1:" ";s:4:"type";i:3;s:5:"flags";i:0;s:8:"position";i:14;}i:4;O:15:"SqlParser\Token":5:{s:5:"token";s:7:"ins_sum";s:5:"value";s:7:"ins_sum";s:4:"type";i:0;s:5:"flags";i:0;s:8:"position";i:15;}i:5;O:15:"SqlParser\Token":5:{s:5:"token";s:1:" ";s:5:"value";s:1:" ";s:4:"type";i:3;s:5:"flags";i:0;s:8:"position";i:22;}i:6;O:15:"SqlParser\Token":5:{s:5:"token";s:6:"BEFORE";s:5:"value";s:6:"BEFORE";s:4:"type";i:1;s:5:"flags";i:3;s:8:"position";i:23;}i:7;O:15:"SqlParser\Token":5:{s:5:"token";s:1:" ";s:5:"value";s:1:" ";s:4:"type";i:3;s:5:"flags";i:0;s:8:"position";i:29;}i:8;O:15:"SqlParser\Token":5:{s:5:"token";s:6:"INSERT";s:5:"value";s:6:"INSERT";s:4:"type";i:1;s:5:"flags";i:35;s:8:"position";i:30;}i:9;O:15:"SqlParser\Token":5:{s:5:"token";s:1:" ";s:5:"value";s:1:" ";s:4:"type";i:3;s:5:"flags";i:0;s:8:"position";i:36;}i:10;O:15:"SqlParser\Token":5:{s:5:"token";s:2:"ON";s:5:"value";s:2:"ON";s:4:"type";i:1;s:5:"flags";i:3;s:8:"position";i:37;}i:11;O:15:"SqlParser\Token":5:{s:5:"token";s:1:" ";s:5:"value";s:1:" ";s:4:"type";i:3;s:5:"flags";i:0;s:8:"position";i:39;}i:12;O:15:"SqlParser\Token":5:{s:5:"token";s:7:"account";s:5:"value";s:7:"account";s:4:"type";i:1;s:5:"flags";i:1;s:8:"position";i:40;}i:13;O:15:"SqlParser\Token":5:{s:5:"token";s:1:"
";s:5:"value";s:1:" ";s:4:"type";i:3;s:5:"flags";i:0;s:8:"position";i:47;}i:14;O:15:"SqlParser\Token":5:{s:5:"token";s:12:"FOR EACH ROW";s:5:"value";s:12:"FOR EACH ROW";s:4:"type";i:1;s:5:"flags";i:7;s:8:"position";i:48;}i:15;O:15:"SqlParser\Token":5:{s:5:"token";s:1:" ";s:5:"value";s:1:" ";s:4:"type";i:3;s:5:"flags";i:0;s:8:"position";i:60;}i:16;O:15:"SqlParser\Token":5:{s:5:"token";s:5:"BEGIN";s:5:"value";s:5:"BEGIN";s:4:"type";i:1;s:5:"flags";i:1;s:8:"position";i:61;}i:17;O:15:"SqlParser\Token":5:{s:5:"token";s:1:" ";s:5:"value";s:1:" ";s:4:"type";i:3;s:5:"flags";i:0;s:8:"position";i:66;}i:18;O:15:"SqlParser\Token":5:{s:5:"token";s:3:"SET";s:5:"value";s:3:"SET";s:4:"type";i:1;s:5:"flags";i:11;s:8:"position";i:67;}i:19;O:15:"SqlParser\Token":5:{s:5:"token";s:1:" ";s:5:"value";s:1:" ";s:4:"type";i:3;s:5:"flags";i:0;s:8:"position";i:70;}i:20;O:15:"SqlParser\Token":5:{s:5:"token";s:4:"@sum";s:5:"value";s:3:"sum";s:4:"type";i:8;s:5:"flags";i:1;s:8:"position";i:71;}i:21;O:15:"SqlParser\Token":5:{s:5:"token";s:1:" ";s:5:"value";s:1:" ";s:4:"type";i:3;s:5:"flags";i:0;s:8:"position";i:75;}i:22;O:15:"SqlParser\Token":5:{s:5:"token";s:1:"=";s:5:"value";s:1:"=";s:4:"type";i:2;s:5:"flags";i:2;s:8:"position";i:76;}i:23;O:15:"SqlParser\Token":5:{s:5:"token";s:1:" ";s:5:"value";s:1:" ";s:4:"type";i:3;s:5:"flags";i:0;s:8:"position";i:77;}i:24;O:15:"SqlParser\Token":5:{s:5:"token";s:4:"@sum";s:5:"value";s:3:"sum";s:4:"type";i:8;s:5:"flags";i:1;s:8:"position";i:78;}i:25;O:15:"SqlParser\Token":5:{s:5:"token";s:1:" ";s:5:"value";s:1:" ";s:4:"type";i:3;s:5:"flags";i:0;s:8:"position";i:82;}i:26;O:15:"SqlParser\Token":5:{s:5:"token";s:1:"+";s:5:"value";s:1:"+";s:4:"type";i:2;s:5:"flags";i:1;s:8:"position";i:83;}i:27;O:15:"SqlParser\Token":5:{s:5:"token";s:1:" ";s:5:"value";s:1:" ";s:4:"type";i:3;s:5:"flags";i:0;s:8:"position";i:84;}i:28;O:15:"SqlParser\Token":5:{s:5:"token";s:3:"NEW";s:5:"value";s:3:"NEW";s:4:"type";i:1;s:5:"flags";i:1;s:8:"position";i:85;}i:29;O:15:"SqlParser\Token":5:{s:5:"token";s:1:".";s:5:"value";s:1:".";s:4:"type";i:2;s:5:"flags";i:16;s:8:"position";i:88;}i:30;O:15:"SqlParser\Token":5:{s:5:"token";s:6:"amount";s:5:"value";s:6:"amount";s:4:"type";i:0;s:5:"flags";i:0;s:8:"position";i:89;}i:31;O:15:"SqlParser\Token":5:{s:5:"token";s:1:" ";s:5:"value";s:1:" ";s:4:"type";i:3;s:5:"flags";i:0;s:8:"position";i:95;}i:32;O:15:"SqlParser\Token":5:{s:5:"token";s:3:"END";s:5:"value";s:3:"END";s:4:"type";i:1;s:5:"flags";i:1;s:8:"position";i:96;}i:33;O:15:"SqlParser\Token":5:{s:5:"token";N;s:5:"value";N;s:4:"type";i:9;s:5:"flags";i:0;s:8:"position";N;}}s:5:"count";i:34;s:3:"idx";i:35;}s:6:"strict";b:0;s:6:"errors";a:0:{}s:10:"statements";a:1:{i:0;O:36:"SqlParser\Statements\CreateStatement":10:{s:4:"name";O:33:"SqlParser\Fragments\FieldFragment":7:{s:8:"database";N;s:5:"table";s:7:"ins_sum";s:6:"column";N;s:4:"expr";s:7:"ins_sum";s:5:"alias";N;s:8:"function";N;s:8:"subquery";N;}s:13:"entityOptions";O:35:"SqlParser\Fragments\OptionsFragment":1:{s:7:"options";a:2:{i:1;s:6:"BEFORE";i:2;s:6:"INSERT";}}s:6:"fields";N;s:5:"table";O:33:"SqlParser\Fragments\FieldFragment":7:{s:8:"database";N;s:5:"table";s:7:"account";s:6:"column";N;s:4:"expr";s:7:"account";s:5:"alias";N;s:8:"function";N;s:8:"subquery";N;}s:6:"return";N;s:10:"parameters";N;s:4:"body";a:18:{i:0;r:101;i:1;r:107;i:2;r:113;i:3;r:119;i:4;r:125;i:5;r:131;i:6;r:137;i:7;r:143;i:8;r:149;i:9;r:155;i:10;r:161;i:11;r:167;i:12;r:173;i:13;r:179;i:14;r:185;i:15;r:191;i:16;r:197;i:17;r:203;}s:7:"options";O:35:"SqlParser\Fragments\OptionsFragment":1:{s:7:"options";a:1:{i:6;s:7:"TRIGGER";}}s:5:"first";i:0;s:4:"last";i:34;}}}s:6:"errors";a:0:{}}