a:2:{s:6:"parser";O:16:"SqlParser\Parser":4:{s:4:"list";O:20:"SqlParser\TokensList":3:{s:6:"tokens";a:21:{i:0;O:15:"SqlParser\Token":5:{s:5:"token";s:6:"CREATE";s:5:"value";s:6:"CREATE";s:4:"type";i:1;s:5:"flags";i:3;s:8:"position";i:0;}i:1;O:15:"SqlParser\Token":5:{s:5:"token";s:1:" ";s:5:"value";s:1:" ";s:4:"type";i:3;s:5:"flags";i:0;s:8:"position";i:6;}i:2;O:15:"SqlParser\Token":5:{s:5:"token";s:5:"TABLE";s:5:"value";s:5:"TABLE";s:4:"type";i:1;s:5:"flags";i:3;s:8:"position";i:7;}i:3;O:15:"SqlParser\Token":5:{s:5:"token";s:1:" ";s:5:"value";s:1:" ";s:4:"type";i:3;s:5:"flags";i:0;s:8:"position";i:12;}i:4;O:15:"SqlParser\Token":5:{s:5:"token";s:13:"IF NOT EXISTS";s:5:"value";s:13:"IF NOT EXISTS";s:4:"type";i:1;s:5:"flags";i:5;s:8:"position";i:13;}i:5;O:15:"SqlParser\Token":5:{s:5:"token";s:1:" ";s:5:"value";s:1:" ";s:4:"type";i:3;s:5:"flags";i:0;s:8:"position";i:26;}i:6;O:15:"SqlParser\Token":5:{s:5:"token";s:5:"users";s:5:"value";s:5:"users";s:4:"type";i:0;s:5:"flags";i:0;s:8:"position";i:27;}i:7;O:15:"SqlParser\Token":5:{s:5:"token";s:1:" ";s:5:"value";s:1:" ";s:4:"type";i:3;s:5:"flags";i:0;s:8:"position";i:32;}i:8;O:15:"SqlParser\Token":5:{s:5:"token";s:1:"(";s:5:"value";s:1:"(";s:4:"type";i:2;s:5:"flags";i:16;s:8:"position";i:33;}i:9;O:15:"SqlParser\Token":5:{s:5:"token";s:5:"
    ";s:5:"value";s:1:" ";s:4:"type";i:3;s:5:"flags";i:0;s:8:"position";i:34;}i:10;O:15:"SqlParser\Token":5:{s:5:"token";s:4:"`id`";s:5:"value";s:2:"id";s:4:"type";i:8;s:5:"flags";i:2;s:8:"position";i:39;}i:11;O:15:"SqlParser\Token":5:{s:5:"token";s:1:" ";s:5:"value";s:1:" ";s:4:"type";i:3;s:5:"flags";i:0;s:8:"position";i:43;}i:12;O:15:"SqlParser\Token":5:{s:5:"token";s:7:"UNKNOWN";s:5:"value";s:7:"UNKNOWN";s:4:"type";i:1;s:5:"flags";i:1;s:8:"position";i:44;}i:13;O:15:"SqlParser\Token":5:{s:5:"token";s:1:"
";s:5:"value";s:1:" ";s:4:"type";i:3;s:5:"flags";i:0;s:8:"position";i:51;}i:14;O:15:"SqlParser\Token":5:{s:5:"token";s:1:")";s:5:"value";s:1:")";s:4:"type";i:2;s:5:"flags";i:16;s:8:"position";i:52;}i:15;O:15:"SqlParser\Token":5:{s:5:"token";s:1:" ";s:5:"value";s:1:" ";s:4:"type";i:3;s:5:"flags";i:0;s:8:"position";i:53;}i:16;O:15:"SqlParser\Token":5:{s:5:"token";s:6:"ENGINE";s:5:"value";s:6:"ENGINE";s:4:"type";i:1;s:5:"flags";i:1;s:8:"position";i:54;}i:17;O:15:"SqlParser\Token":5:{s:5:"token";s:1:"=";s:5:"value";s:1:"=";s:4:"type";i:2;s:5:"flags";i:2;s:8:"position";i:60;}i:18;O:15:"SqlParser\Token":5:{s:5:"token";s:6:"InnoDB";s:5:"value";s:6:"InnoDB";s:4:"type";i:0;s:5:"flags";i:0;s:8:"position";i:61;}i:19;O:15:"SqlParser\Token":5:{s:5:"token";s:1:";";s:5:"value";s:1:";";s:4:"type";i:9;s:5:"flags";i:0;s:8:"position";i:67;}i:20;O:15:"SqlParser\Token":5:{s:5:"token";N;s:5:"value";N;s:4:"type";i:9;s:5:"flags";i:0;s:8:"position";N;}}s:5:"count";i:21;s:3:"idx";i:21;}s:6:"strict";b:0;s:6:"errors";a:0:{}s:10:"statements";a:1:{i:0;O:36:"SqlParser\Statements\CreateStatement":9:{s:4:"name";O:37:"SqlParser\Fragments\CreateDefFragment":1:{s:4:"name";s:5:"users";}s:13:"entityOptions";O:35:"SqlParser\Fragments\OptionsFragment":1:{s:7:"options";a:1:{i:1;a:2:{s:4:"name";s:6:"ENGINE";s:5:"value";s:6:"InnoDB";}}}s:6:"fields";a:1:{i:0;O:36:"SqlParser\Fragments\FieldDefFragment":6:{s:4:"name";s:2:"id";s:12:"isConstraint";N;s:4:"type";O:36:"SqlParser\Fragments\DataTypeFragment":3:{s:4:"name";s:7:"UNKNOWN";s:10:"parameters";a:0:{}s:7:"options";O:35:"SqlParser\Fragments\OptionsFragment":1:{s:7:"options";a:0:{}}}s:3:"key";N;s:10:"references";N;s:7:"options";O:35:"SqlParser\Fragments\OptionsFragment":1:{s:7:"options";a:0:{}}}}s:6:"return";N;s:10:"parameters";N;s:4:"body";N;s:7:"options";O:35:"SqlParser\Fragments\OptionsFragment":1:{s:7:"options";a:2:{i:1;s:5:"TABLE";i:3;s:13:"IF NOT EXISTS";}}s:5:"first";i:0;s:4:"last";i:18;}}}s:6:"errors";a:1:{i:0;a:3:{i:0;s:23:"Unrecognized data type.";i:1;r:77;i:2;i:0;}}}