a:2:{s:6:"parser";O:16:"SqlParser\Parser":4:{s:4:"list";O:20:"SqlParser\TokensList":3:{s:6:"tokens";a:56:{i:0;O:15:"SqlParser\Token":5:{s:5:"token";s:6:"CREATE";s:5:"value";s:6:"CREATE";s:4:"type";i:1;s:5:"flags";i:3;s:8:"position";i:0;}i:1;O:15:"SqlParser\Token":5:{s:5:"token";s:1:" ";s:5:"value";s:1:" ";s:4:"type";i:3;s:5:"flags";i:0;s:8:"position";i:6;}i:2;O:15:"SqlParser\Token":5:{s:5:"token";s:8:"FUNCTION";s:5:"value";s:8:"FUNCTION";s:4:"type";i:1;s:5:"flags";i:1;s:8:"position";i:7;}i:3;O:15:"SqlParser\Token":5:{s:5:"token";s:1:" ";s:5:"value";s:1:" ";s:4:"type";i:3;s:5:"flags";i:0;s:8:"position";i:15;}i:4;O:15:"SqlParser\Token":5:{s:5:"token";s:6:"F_TEST";s:5:"value";s:6:"F_TEST";s:4:"type";i:0;s:5:"flags";i:0;s:8:"position";i:16;}i:5;O:15:"SqlParser\Token":5:{s:5:"token";s:1:"(";s:5:"value";s:1:"(";s:4:"type";i:2;s:5:"flags";i:16;s:8:"position";i:22;}i:6;O:15:"SqlParser\Token":5:{s:5:"token";s:3:"uid";s:5:"value";s:3:"uid";s:4:"type";i:0;s:5:"flags";i:0;s:8:"position";i:23;}i:7;O:15:"SqlParser\Token":5:{s:5:"token";s:1:" ";s:5:"value";s:1:" ";s:4:"type";i:3;s:5:"flags";i:0;s:8:"position";i:26;}i:8;O:15:"SqlParser\Token":5:{s:5:"token";s:3:"INT";s:5:"value";s:3:"INT";s:4:"type";i:1;s:5:"flags";i:11;s:8:"position";i:27;}i:9;O:15:"SqlParser\Token":5:{s:5:"token";s:1:")";s:5:"value";s:1:")";s:4:"type";i:2;s:5:"flags";i:16;s:8:"position";i:30;}i:10;O:15:"SqlParser\Token":5:{s:5:"token";s:1:" ";s:5:"value";s:1:" ";s:4:"type";i:3;s:5:"flags";i:0;s:8:"position";i:31;}i:11;O:15:"SqlParser\Token":5:{s:5:"token";s:7:"RETURNS";s:5:"value";s:7:"RETURNS";s:4:"type";i:1;s:5:"flags";i:1;s:8:"position";i:32;}i:12;O:15:"SqlParser\Token":5:{s:5:"token";s:1:" ";s:5:"value";s:1:" ";s:4:"type";i:3;s:5:"flags";i:0;s:8:"position";i:39;}i:13;O:15:"SqlParser\Token":5:{s:5:"token";s:7:"VARCHAR";s:5:"value";s:7:"VARCHAR";s:4:"type";i:1;s:5:"flags";i:11;s:8:"position";i:40;}i:14;O:15:"SqlParser\Token":5:{s:5:"token";s:1:"
";s:5:"value";s:1:" ";s:4:"type";i:3;s:5:"flags";i:0;s:8:"position";i:47;}i:15;O:15:"SqlParser\Token":5:{s:5:"token";s:5:"BEGIN";s:5:"value";s:5:"BEGIN";s:4:"type";i:1;s:5:"flags";i:1;s:8:"position";i:48;}i:16;O:15:"SqlParser\Token":5:{s:5:"token";s:5:"
    ";s:5:"value";s:1:" ";s:4:"type";i:3;s:5:"flags";i:0;s:8:"position";i:53;}i:17;O:15:"SqlParser\Token":5:{s:5:"token";s:7:"DECLARE";s:5:"value";s:7:"DECLARE";s:4:"type";i:1;s:5:"flags";i:3;s:8:"position";i:58;}i:18;O:15:"SqlParser\Token":5:{s:5:"token";s:1:" ";s:5:"value";s:1:" ";s:4:"type";i:3;s:5:"flags";i:0;s:8:"position";i:65;}i:19;O:15:"SqlParser\Token":5:{s:5:"token";s:8:"username";s:5:"value";s:8:"username";s:4:"type";i:0;s:5:"flags";i:0;s:8:"position";i:66;}i:20;O:15:"SqlParser\Token":5:{s:5:"token";s:1:" ";s:5:"value";s:1:" ";s:4:"type";i:3;s:5:"flags";i:0;s:8:"position";i:74;}i:21;O:15:"SqlParser\Token":5:{s:5:"token";s:7:"VARCHAR";s:5:"value";s:7:"VARCHAR";s:4:"type";i:1;s:5:"flags";i:11;s:8:"position";i:75;}i:22;O:15:"SqlParser\Token":5:{s:5:"token";s:1:" ";s:5:"value";s:1:" ";s:4:"type";i:3;s:5:"flags";i:0;s:8:"position";i:82;}i:23;O:15:"SqlParser\Token":5:{s:5:"token";s:7:"DEFAULT";s:5:"value";s:7:"DEFAULT";s:4:"type";i:1;s:5:"flags";i:3;s:8:"position";i:83;}i:24;O:15:"SqlParser\Token":5:{s:5:"token";s:1:" ";s:5:"value";s:1:" ";s:4:"type";i:3;s:5:"flags";i:0;s:8:"position";i:90;}i:25;O:15:"SqlParser\Token":5:{s:5:"token";s:2:"""";s:5:"value";s:0:"";s:4:"type";i:7;s:5:"flags";i:2;s:8:"position";i:91;}i:26;O:15:"SqlParser\Token":5:{s:5:"token";s:1:";";s:5:"value";s:1:";";s:4:"type";i:9;s:5:"flags";i:0;s:8:"position";i:93;}i:27;O:15:"SqlParser\Token":5:{s:5:"token";s:5:"
    ";s:5:"value";s:1:" ";s:4:"type";i:3;s:5:"flags";i:0;s:8:"position";i:94;}i:28;O:15:"SqlParser\Token":5:{s:5:"token";s:6:"SELECT";s:5:"value";s:6:"SELECT";s:4:"type";i:1;s:5:"flags";i:3;s:8:"position";i:99;}i:29;O:15:"SqlParser\Token":5:{s:5:"token";s:1:" ";s:5:"value";s:1:" ";s:4:"type";i:3;s:5:"flags";i:0;s:8:"position";i:105;}i:30;O:15:"SqlParser\Token":5:{s:5:"token";s:8:"username";s:5:"value";s:8:"username";s:4:"type";i:0;s:5:"flags";i:0;s:8:"position";i:106;}i:31;O:15:"SqlParser\Token":5:{s:5:"token";s:1:" ";s:5:"value";s:1:" ";s:4:"type";i:3;s:5:"flags";i:0;s:8:"position";i:114;}i:32;O:15:"SqlParser\Token":5:{s:5:"token";s:4:"INTO";s:5:"value";s:4:"INTO";s:4:"type";i:1;s:5:"flags";i:3;s:8:"position";i:115;}i:33;O:15:"SqlParser\Token":5:{s:5:"token";s:1:" ";s:5:"value";s:1:" ";s:4:"type";i:3;s:5:"flags";i:0;s:8:"position";i:119;}i:34;O:15:"SqlParser\Token":5:{s:5:"token";s:8:"username";s:5:"value";s:8:"username";s:4:"type";i:0;s:5:"flags";i:0;s:8:"position";i:120;}i:35;O:15:"SqlParser\Token":5:{s:5:"token";s:1:" ";s:5:"value";s:1:" ";s:4:"type";i:3;s:5:"flags";i:0;s:8:"position";i:128;}i:36;O:15:"SqlParser\Token":5:{s:5:"token";s:4:"FROM";s:5:"value";s:4:"FROM";s:4:"type";i:1;s:5:"flags";i:3;s:8:"position";i:129;}i:37;O:15:"SqlParser\Token":5:{s:5:"token";s:1:" ";s:5:"value";s:1:" ";s:4:"type";i:3;s:5:"flags";i:0;s:8:"position";i:133;}i:38;O:15:"SqlParser\Token":5:{s:5:"token";s:5:"users";s:5:"value";s:5:"users";s:4:"type";i:0;s:5:"flags";i:0;s:8:"position";i:134;}i:39;O:15:"SqlParser\Token":5:{s:5:"token";s:1:" ";s:5:"value";s:1:" ";s:4:"type";i:3;s:5:"flags";i:0;s:8:"position";i:139;}i:40;O:15:"SqlParser\Token":5:{s:5:"token";s:5:"WHERE";s:5:"value";s:5:"WHERE";s:4:"type";i:1;s:5:"flags";i:3;s:8:"position";i:140;}i:41;O:15:"SqlParser\Token":5:{s:5:"token";s:1:" ";s:5:"value";s:1:" ";s:4:"type";i:3;s:5:"flags";i:0;s:8:"position";i:145;}i:42;O:15:"SqlParser\Token":5:{s:5:"token";s:2:"ID";s:5:"value";s:2:"ID";s:4:"type";i:0;s:5:"flags";i:0;s:8:"position";i:146;}i:43;O:15:"SqlParser\Token":5:{s:5:"token";s:1:" ";s:5:"value";s:1:" ";s:4:"type";i:3;s:5:"flags";i:0;s:8:"position";i:148;}i:44;O:15:"SqlParser\Token":5:{s:5:"token";s:1:"=";s:5:"value";s:1:"=";s:4:"type";i:2;s:5:"flags";i:2;s:8:"position";i:149;}i:45;O:15:"SqlParser\Token":5:{s:5:"token";s:1:" ";s:5:"value";s:1:" ";s:4:"type";i:3;s:5:"flags";i:0;s:8:"position";i:150;}i:46;O:15:"SqlParser\Token":5:{s:5:"token";s:3:"uid";s:5:"value";s:3:"uid";s:4:"type";i:0;s:5:"flags";i:0;s:8:"position";i:151;}i:47;O:15:"SqlParser\Token":5:{s:5:"token";s:1:";";s:5:"value";s:1:";";s:4:"type";i:9;s:5:"flags";i:0;s:8:"position";i:154;}i:48;O:15:"SqlParser\Token":5:{s:5:"token";s:5:"
    ";s:5:"value";s:1:" ";s:4:"type";i:3;s:5:"flags";i:0;s:8:"position";i:155;}i:49;O:15:"SqlParser\Token":5:{s:5:"token";s:6:"RETURN";s:5:"value";s:6:"RETURN";s:4:"type";i:1;s:5:"flags";i:3;s:8:"position";i:160;}i:50;O:15:"SqlParser\Token":5:{s:5:"token";s:1:" ";s:5:"value";s:1:" ";s:4:"type";i:3;s:5:"flags";i:0;s:8:"position";i:166;}i:51;O:15:"SqlParser\Token":5:{s:5:"token";s:8:"username";s:5:"value";s:8:"username";s:4:"type";i:0;s:5:"flags";i:0;s:8:"position";i:167;}i:52;O:15:"SqlParser\Token":5:{s:5:"token";s:1:";";s:5:"value";s:1:";";s:4:"type";i:9;s:5:"flags";i:0;s:8:"position";i:175;}i:53;O:15:"SqlParser\Token":5:{s:5:"token";s:1:"
";s:5:"value";s:1:" ";s:4:"type";i:3;s:5:"flags";i:0;s:8:"position";i:176;}i:54;O:15:"SqlParser\Token":5:{s:5:"token";s:3:"END";s:5:"value";s:3:"END";s:4:"type";i:1;s:5:"flags";i:1;s:8:"position";i:177;}i:55;O:15:"SqlParser\Token":5:{s:5:"token";N;s:5:"value";N;s:4:"type";i:9;s:5:"flags";i:0;s:8:"position";N;}}s:5:"count";i:56;s:3:"idx";i:56;}s:6:"strict";b:0;s:6:"errors";a:0:{}s:10:"statements";a:1:{i:0;O:36:"SqlParser\Statements\CreateStatement":10:{s:4:"name";O:37:"SqlParser\Fragments\CreateDefFragment":1:{s:4:"name";s:6:"F_TEST";}s:7:"options";O:35:"SqlParser\Fragments\OptionsFragment":1:{s:7:"options";a:1:{i:1;s:8:"FUNCTION";}}s:10:"parameters";a:1:{i:0;O:36:"SqlParser\Fragments\ParamDefFragment":3:{s:4:"name";s:3:"uid";s:5:"inOut";N;s:4:"type";O:36:"SqlParser\Fragments\DataTypeFragment":3:{s:4:"name";s:3:"INT";s:10:"parameters";a:0:{}s:7:"options";O:35:"SqlParser\Fragments\OptionsFragment":1:{s:7:"options";a:0:{}}}}}s:12:"tableOptions";N;s:6:"fields";N;s:4:"body";a:40:{i:0;r:95;i:1;r:101;i:2;r:107;i:3;r:113;i:4;r:119;i:5;r:125;i:6;r:131;i:7;r:137;i:8;r:143;i:9;r:149;i:10;r:155;i:11;r:161;i:12;r:167;i:13;r:173;i:14;r:179;i:15;r:185;i:16;r:191;i:17;r:197;i:18;r:203;i:19;r:209;i:20;r:215;i:21;r:221;i:22;r:227;i:23;r:233;i:24;r:239;i:25;r:245;i:26;r:251;i:27;r:257;i:28;r:263;i:29;r:269;i:30;r:275;i:31;r:281;i:32;r:287;i:33;r:293;i:34;r:299;i:35;r:305;i:36;r:311;i:37;r:317;i:38;r:323;i:39;r:329;}s:5:"first";N;s:4:"last";i:54;s:6:"return";O:36:"SqlParser\Fragments\DataTypeFragment":3:{s:4:"name";s:7:"VARCHAR";s:10:"parameters";a:0:{}s:7:"options";O:35:"SqlParser\Fragments\OptionsFragment":1:{s:7:"options";a:0:{}}}s:11:"funcOptions";O:35:"SqlParser\Fragments\OptionsFragment":1:{s:7:"options";a:0:{}}}}}s:6:"errors";a:0:{}}