a:2:{s:6:"parser";O:16:"SqlParser\Parser":4:{s:4:"list";O:20:"SqlParser\TokensList":3:{s:6:"tokens";a:32:{i:0;O:15:"SqlParser\Token":5:{s:5:"token";s:6:"CREATE";s:5:"value";s:6:"CREATE";s:4:"type";i:1;s:5:"flags";i:0;s:8:"position";i:0;}i:1;O:15:"SqlParser\Token":5:{s:5:"token";s:1:" ";s:5:"value";s:1:" ";s:4:"type";i:3;s:5:"flags";i:0;s:8:"position";i:6;}i:2;O:15:"SqlParser\Token":5:{s:5:"token";s:9:"PROCEDURE";s:5:"value";s:9:"PROCEDURE";s:4:"type";i:1;s:5:"flags";i:0;s:8:"position";i:7;}i:3;O:15:"SqlParser\Token":5:{s:5:"token";s:1:" ";s:5:"value";s:1:" ";s:4:"type";i:3;s:5:"flags";i:0;s:8:"position";i:16;}i:4;O:15:"SqlParser\Token":5:{s:5:"token";s:6:"P_TEST";s:5:"value";s:6:"P_TEST";s:4:"type";i:0;s:5:"flags";i:0;s:8:"position";i:17;}i:5;O:15:"SqlParser\Token":5:{s:5:"token";s:1:"(";s:5:"value";s:1:"(";s:4:"type";i:2;s:5:"flags";i:16;s:8:"position";i:23;}i:6;O:15:"SqlParser\Token":5:{s:5:"token";s:3:"uid";s:5:"value";s:3:"uid";s:4:"type";i:0;s:5:"flags";i:0;s:8:"position";i:24;}i:7;O:15:"SqlParser\Token":5:{s:5:"token";s:1:" ";s:5:"value";s:1:" ";s:4:"type";i:3;s:5:"flags";i:0;s:8:"position";i:27;}i:8;O:15:"SqlParser\Token":5:{s:5:"token";s:3:"INT";s:5:"value";s:3:"INT";s:4:"type";i:1;s:5:"flags";i:0;s:8:"position";i:28;}i:9;O:15:"SqlParser\Token":5:{s:5:"token";s:1:")";s:5:"value";s:1:")";s:4:"type";i:2;s:5:"flags";i:16;s:8:"position";i:31;}i:10;O:15:"SqlParser\Token":5:{s:5:"token";s:1:"
";s:5:"value";s:1:" ";s:4:"type";i:3;s:5:"flags";i:0;s:8:"position";i:32;}i:11;O:15:"SqlParser\Token":5:{s:5:"token";s:5:"BEGIN";s:5:"value";s:5:"BEGIN";s:4:"type";i:0;s:5:"flags";i:0;s:8:"position";i:33;}i:12;O:15:"SqlParser\Token":5:{s:5:"token";s:5:"
    ";s:5:"value";s:1:" ";s:4:"type";i:3;s:5:"flags";i:0;s:8:"position";i:38;}i:13;O:15:"SqlParser\Token":5:{s:5:"token";s:6:"SELECT";s:5:"value";s:6:"SELECT";s:4:"type";i:1;s:5:"flags";i:0;s:8:"position";i:43;}i:14;O:15:"SqlParser\Token":5:{s:5:"token";s:1:" ";s:5:"value";s:1:" ";s:4:"type";i:3;s:5:"flags";i:0;s:8:"position";i:49;}i:15;O:15:"SqlParser\Token":5:{s:5:"token";s:8:"username";s:5:"value";s:8:"username";s:4:"type";i:0;s:5:"flags";i:0;s:8:"position";i:50;}i:16;O:15:"SqlParser\Token":5:{s:5:"token";s:1:" ";s:5:"value";s:1:" ";s:4:"type";i:3;s:5:"flags";i:0;s:8:"position";i:58;}i:17;O:15:"SqlParser\Token":5:{s:5:"token";s:4:"FROM";s:5:"value";s:4:"FROM";s:4:"type";i:1;s:5:"flags";i:0;s:8:"position";i:59;}i:18;O:15:"SqlParser\Token":5:{s:5:"token";s:1:" ";s:5:"value";s:1:" ";s:4:"type";i:3;s:5:"flags";i:0;s:8:"position";i:63;}i:19;O:15:"SqlParser\Token":5:{s:5:"token";s:5:"users";s:5:"value";s:5:"users";s:4:"type";i:0;s:5:"flags";i:0;s:8:"position";i:64;}i:20;O:15:"SqlParser\Token":5:{s:5:"token";s:1:" ";s:5:"value";s:1:" ";s:4:"type";i:3;s:5:"flags";i:0;s:8:"position";i:69;}i:21;O:15:"SqlParser\Token":5:{s:5:"token";s:5:"WHERE";s:5:"value";s:5:"WHERE";s:4:"type";i:1;s:5:"flags";i:0;s:8:"position";i:70;}i:22;O:15:"SqlParser\Token":5:{s:5:"token";s:1:" ";s:5:"value";s:1:" ";s:4:"type";i:3;s:5:"flags";i:0;s:8:"position";i:75;}i:23;O:15:"SqlParser\Token":5:{s:5:"token";s:2:"ID";s:5:"value";s:2:"ID";s:4:"type";i:0;s:5:"flags";i:0;s:8:"position";i:76;}i:24;O:15:"SqlParser\Token":5:{s:5:"token";s:1:" ";s:5:"value";s:1:" ";s:4:"type";i:3;s:5:"flags";i:0;s:8:"position";i:78;}i:25;O:15:"SqlParser\Token":5:{s:5:"token";s:1:"=";s:5:"value";s:1:"=";s:4:"type";i:2;s:5:"flags";i:2;s:8:"position";i:79;}i:26;O:15:"SqlParser\Token":5:{s:5:"token";s:1:" ";s:5:"value";s:1:" ";s:4:"type";i:3;s:5:"flags";i:0;s:8:"position";i:80;}i:27;O:15:"SqlParser\Token":5:{s:5:"token";s:3:"uid";s:5:"value";s:3:"uid";s:4:"type";i:0;s:5:"flags";i:0;s:8:"position";i:81;}i:28;O:15:"SqlParser\Token":5:{s:5:"token";s:1:";";s:5:"value";s:1:";";s:4:"type";i:9;s:5:"flags";i:0;s:8:"position";i:84;}i:29;O:15:"SqlParser\Token":5:{s:5:"token";s:1:"
";s:5:"value";s:1:" ";s:4:"type";i:3;s:5:"flags";i:0;s:8:"position";i:85;}i:30;O:15:"SqlParser\Token":5:{s:5:"token";s:3:"END";s:5:"value";s:3:"END";s:4:"type";i:1;s:5:"flags";i:0;s:8:"position";i:86;}i:31;O:15:"SqlParser\Token":5:{s:5:"token";N;s:5:"value";N;s:4:"type";i:9;s:5:"flags";i:0;s:8:"position";N;}}s:5:"count";i:32;s:3:"idx";i:32;}s:6:"strict";b:0;s:6:"errors";a:0:{}s:10:"statements";a:1:{i:0;O:36:"SqlParser\Statements\CreateStatement":9:{s:4:"name";O:37:"SqlParser\Fragments\CreateDefFragment":2:{s:4:"name";s:6:"P_TEST";s:6:"tokens";a:1:{i:0;r:29;}}s:7:"options";O:35:"SqlParser\Fragments\OptionsFragment":2:{s:7:"options";a:1:{i:1;s:9:"PROCEDURE";}s:6:"tokens";a:1:{i:0;r:17;}}s:12:"tableOptions";N;s:6:"fields";N;s:4:"body";a:20:{i:0;r:71;i:1;r:77;i:2;r:83;i:3;r:89;i:4;r:95;i:5;r:101;i:6;r:107;i:7;r:113;i:8;r:119;i:9;r:125;i:10;r:131;i:11;r:137;i:12;r:143;i:13;r:149;i:14;r:155;i:15;r:161;i:16;r:167;i:17;r:173;i:18;r:179;i:19;r:185;}s:5:"first";N;s:4:"last";i:30;s:10:"parameters";a:1:{i:0;O:36:"SqlParser\Fragments\ParamDefFragment":4:{s:4:"name";s:3:"uid";s:5:"inOut";N;s:4:"type";O:36:"SqlParser\Fragments\DataTypeFragment":4:{s:4:"name";s:3:"INT";s:4:"size";a:0:{}s:7:"options";O:35:"SqlParser\Fragments\OptionsFragment":2:{s:7:"options";a:0:{}s:6:"tokens";a:0:{}}s:6:"tokens";a:1:{i:0;r:53;}}s:6:"tokens";a:2:{i:0;r:41;i:1;r:53;}}}s:11:"funcOptions";O:35:"SqlParser\Fragments\OptionsFragment":2:{s:7:"options";a:0:{}s:6:"tokens";a:0:{}}}}}s:6:"errors";a:0:{}}