a:2:{s:6:"parser";O:16:"SqlParser\Parser":4:{s:4:"list";O:20:"SqlParser\TokensList":3:{s:6:"tokens";a:6:{i:0;O:15:"SqlParser\Token":5:{s:5:"token";s:6:"RENAME";s:5:"value";s:6:"RENAME";s:4:"type";i:1;s:5:"flags";i:3;s:8:"position";i:0;}i:1;O:15:"SqlParser\Token":5:{s:5:"token";s:1:" ";s:5:"value";s:1:" ";s:4:"type";i:3;s:5:"flags";i:0;s:8:"position";i:6;}i:2;O:15:"SqlParser\Token":5:{s:5:"token";s:5:"TABLE";s:5:"value";s:5:"TABLE";s:4:"type";i:1;s:5:"flags";i:3;s:8:"position";i:7;}i:3;O:15:"SqlParser\Token":5:{s:5:"token";s:1:" ";s:5:"value";s:1:" ";s:4:"type";i:3;s:5:"flags";i:0;s:8:"position";i:12;}i:4;O:15:"SqlParser\Token":5:{s:5:"token";s:5:"TABLE";s:5:"value";s:5:"TABLE";s:4:"type";i:1;s:5:"flags";i:3;s:8:"position";i:13;}i:5;O:15:"SqlParser\Token":5:{s:5:"token";N;s:5:"value";N;s:4:"type";i:9;s:5:"flags";i:0;s:8:"position";N;}}s:5:"count";i:6;s:3:"idx";i:6;}s:6:"strict";b:0;s:6:"errors";a:0:{}s:10:"statements";a:1:{i:0;O:36:"SqlParser\Statements\RenameStatement":4:{s:7:"renames";a:0:{}s:7:"options";N;s:5:"first";i:0;s:4:"last";i:4;}}}s:6:"errors";a:2:{i:0;a:3:{i:0;s:24:"Expected old table name.";i:1;r:29;i:2;i:0;}i:1;a:3:{i:0;s:28:"Expected a rename operation.";i:1;r:29;i:2;i:0;}}}