a:2:{s:6:"parser";O:16:"SqlParser\Parser":4:{s:4:"list";O:20:"SqlParser\TokensList":3:{s:6:"tokens";a:17:{i:0;O:15:"SqlParser\Token":5:{s:5:"token";s:6:"SELECT";s:5:"value";s:6:"SELECT";s:4:"type";i:1;s:5:"flags";i:0;s:8:"position";i:0;}i:1;O:15:"SqlParser\Token":5:{s:5:"token";s:1:" ";s:5:"value";s:1:" ";s:4:"type";i:3;s:5:"flags";i:0;s:8:"position";i:6;}i:2;O:15:"SqlParser\Token":5:{s:5:"token";s:1:"*";s:5:"value";s:1:"*";s:4:"type";i:2;s:5:"flags";i:1;s:8:"position";i:7;}i:3;O:15:"SqlParser\Token":5:{s:5:"token";s:1:" ";s:5:"value";s:1:" ";s:4:"type";i:3;s:5:"flags";i:0;s:8:"position";i:8;}i:4;O:15:"SqlParser\Token":5:{s:5:"token";s:4:"FROM";s:5:"value";s:4:"FROM";s:4:"type";i:1;s:5:"flags";i:0;s:8:"position";i:9;}i:5;O:15:"SqlParser\Token":5:{s:5:"token";s:1:" ";s:5:"value";s:1:" ";s:4:"type";i:3;s:5:"flags";i:0;s:8:"position";i:13;}i:6;O:15:"SqlParser\Token":5:{s:5:"token";s:3:"foo";s:5:"value";s:3:"foo";s:4:"type";i:0;s:5:"flags";i:0;s:8:"position";i:14;}i:7;O:15:"SqlParser\Token":5:{s:5:"token";s:1:" ";s:5:"value";s:1:" ";s:4:"type";i:3;s:5:"flags";i:0;s:8:"position";i:17;}i:8;O:15:"SqlParser\Token":5:{s:5:"token";s:9:"PARTITION";s:5:"value";s:9:"PARTITION";s:4:"type";i:1;s:5:"flags";i:0;s:8:"position";i:18;}i:9;O:15:"SqlParser\Token":5:{s:5:"token";s:1:" ";s:5:"value";s:1:" ";s:4:"type";i:3;s:5:"flags";i:0;s:8:"position";i:27;}i:10;O:15:"SqlParser\Token":5:{s:5:"token";s:3:"bar";s:5:"value";s:3:"bar";s:4:"type";i:0;s:5:"flags";i:0;s:8:"position";i:28;}i:11;O:15:"SqlParser\Token":5:{s:5:"token";s:1:",";s:5:"value";s:1:",";s:4:"type";i:2;s:5:"flags";i:16;s:8:"position";i:31;}i:12;O:15:"SqlParser\Token":5:{s:5:"token";s:1:" ";s:5:"value";s:1:" ";s:4:"type";i:3;s:5:"flags";i:0;s:8:"position";i:32;}i:13;O:15:"SqlParser\Token":5:{s:5:"token";s:3:"baz";s:5:"value";s:3:"baz";s:4:"type";i:0;s:5:"flags";i:0;s:8:"position";i:33;}i:14;O:15:"SqlParser\Token":5:{s:5:"token";s:1:")";s:5:"value";s:1:")";s:4:"type";i:2;s:5:"flags";i:16;s:8:"position";i:36;}i:15;O:15:"SqlParser\Token":5:{s:5:"token";s:1:";";s:5:"value";s:1:";";s:4:"type";i:9;s:5:"flags";i:0;s:8:"position";i:37;}i:16;O:15:"SqlParser\Token":5:{s:5:"token";N;s:5:"value";N;s:4:"type";i:9;s:5:"flags";i:0;s:8:"position";N;}}s:5:"count";i:17;s:3:"idx";i:17;}s:6:"strict";b:0;s:6:"errors";a:0:{}s:10:"statements";a:1:{i:0;O:36:"SqlParser\Statements\SelectStatement":12:{s:7:"options";O:35:"SqlParser\Fragments\OptionsFragment":2:{s:7:"options";a:0:{}s:6:"tokens";a:0:{}}s:4:"expr";a:1:{i:0;O:33:"SqlParser\Fragments\FieldFragment":6:{s:8:"database";N;s:5:"table";N;s:6:"column";N;s:4:"expr";s:2:"* ";s:5:"alias";N;s:6:"tokens";a:2:{i:0;r:17;i:1;r:23;}}}s:4:"from";a:1:{i:0;O:33:"SqlParser\Fragments\FieldFragment":6:{s:8:"database";N;s:5:"table";s:3:"foo";s:6:"column";N;s:4:"expr";s:3:"foo";s:5:"alias";N;s:6:"tokens";a:1:{i:0;r:41;}}}s:9:"partition";O:33:"SqlParser\Fragments\ArrayFragment":2:{s:5:"array";a:0:{}s:6:"tokens";a:0:{}}s:5:"where";N;s:5:"group";N;s:6:"having";N;s:5:"order";N;s:5:"limit";N;s:4:"join";N;s:5:"first";N;s:4:"last";i:14;}}}s:6:"errors";a:1:{i:0;a:3:{i:0;s:29:"An open bracket was expected.";i:1;r:65;i:2;i:0;}}}