a:2:{s:6:"parser";O:16:"SqlParser\Parser":4:{s:4:"list";O:20:"SqlParser\TokensList":3:{s:6:"tokens";a:24:{i:0;O:15:"SqlParser\Token":5:{s:5:"token";s:7:"REPLACE";s:5:"value";s:7:"REPLACE";s:4:"type";i:1;s:5:"flags";i:1;s:8:"position";i:0;}i:1;O:15:"SqlParser\Token":5:{s:5:"token";s:1:" ";s:5:"value";s:1:" ";s:4:"type";i:3;s:5:"flags";i:0;s:8:"position";i:7;}i:2;O:15:"SqlParser\Token":5:{s:5:"token";s:12:"LOW_PRIORITY";s:5:"value";s:12:"LOW_PRIORITY";s:4:"type";i:1;s:5:"flags";i:1;s:8:"position";i:8;}i:3;O:15:"SqlParser\Token":5:{s:5:"token";s:1:"
";s:5:"value";s:1:" ";s:4:"type";i:3;s:5:"flags";i:0;s:8:"position";i:20;}i:4;O:15:"SqlParser\Token":5:{s:5:"token";s:4:"INTO";s:5:"value";s:4:"INTO";s:4:"type";i:1;s:5:"flags";i:1;s:8:"position";i:21;}i:5;O:15:"SqlParser\Token":5:{s:5:"token";s:1:" ";s:5:"value";s:1:" ";s:4:"type";i:3;s:5:"flags";i:0;s:8:"position";i:25;}i:6;O:15:"SqlParser\Token":5:{s:5:"token";s:5:"users";s:5:"value";s:5:"users";s:4:"type";i:0;s:5:"flags";i:0;s:8:"position";i:26;}i:7;O:15:"SqlParser\Token":5:{s:5:"token";s:1:"
";s:5:"value";s:1:" ";s:4:"type";i:3;s:5:"flags";i:0;s:8:"position";i:31;}i:8;O:15:"SqlParser\Token":5:{s:5:"token";s:3:"SET";s:5:"value";s:3:"SET";s:4:"type";i:1;s:5:"flags";i:1;s:8:"position";i:32;}i:9;O:15:"SqlParser\Token":5:{s:5:"token";s:1:" ";s:5:"value";s:1:" ";s:4:"type";i:3;s:5:"flags";i:0;s:8:"position";i:35;}i:10;O:15:"SqlParser\Token":5:{s:5:"token";s:2:"id";s:5:"value";s:2:"id";s:4:"type";i:0;s:5:"flags";i:0;s:8:"position";i:36;}i:11;O:15:"SqlParser\Token":5:{s:5:"token";s:1:" ";s:5:"value";s:1:" ";s:4:"type";i:3;s:5:"flags";i:0;s:8:"position";i:38;}i:12;O:15:"SqlParser\Token":5:{s:5:"token";s:1:"=";s:5:"value";s:1:"=";s:4:"type";i:2;s:5:"flags";i:2;s:8:"position";i:39;}i:13;O:15:"SqlParser\Token":5:{s:5:"token";s:1:" ";s:5:"value";s:1:" ";s:4:"type";i:3;s:5:"flags";i:0;s:8:"position";i:40;}i:14;O:15:"SqlParser\Token":5:{s:5:"token";s:1:"1";s:5:"value";i:1;s:4:"type";i:6;s:5:"flags";i:0;s:8:"position";i:41;}i:15;O:15:"SqlParser\Token":5:{s:5:"token";s:1:",";s:5:"value";s:1:",";s:4:"type";i:2;s:5:"flags";i:16;s:8:"position";i:42;}i:16;O:15:"SqlParser\Token":5:{s:5:"token";s:5:"
    ";s:5:"value";s:1:" ";s:4:"type";i:3;s:5:"flags";i:0;s:8:"position";i:43;}i:17;O:15:"SqlParser\Token":5:{s:5:"token";s:8:"username";s:5:"value";s:8:"username";s:4:"type";i:0;s:5:"flags";i:0;s:8:"position";i:48;}i:18;O:15:"SqlParser\Token":5:{s:5:"token";s:1:" ";s:5:"value";s:1:" ";s:4:"type";i:3;s:5:"flags";i:0;s:8:"position";i:56;}i:19;O:15:"SqlParser\Token":5:{s:5:"token";s:1:"=";s:5:"value";s:1:"=";s:4:"type";i:2;s:5:"flags";i:2;s:8:"position";i:57;}i:20;O:15:"SqlParser\Token":5:{s:5:"token";s:1:" ";s:5:"value";s:1:" ";s:4:"type";i:3;s:5:"flags";i:0;s:8:"position";i:58;}i:21;O:15:"SqlParser\Token":5:{s:5:"token";s:5:"'Bar'";s:5:"value";s:3:"Bar";s:4:"type";i:7;s:5:"flags";i:1;s:8:"position";i:59;}i:22;O:15:"SqlParser\Token":5:{s:5:"token";s:1:";";s:5:"value";s:1:";";s:4:"type";i:9;s:5:"flags";i:0;s:8:"position";i:64;}i:23;O:15:"SqlParser\Token":5:{s:5:"token";N;s:5:"value";N;s:4:"type";i:9;s:5:"flags";i:0;s:8:"position";N;}}s:5:"count";i:24;s:3:"idx";i:24;}s:6:"strict";b:0;s:6:"errors";a:0:{}s:10:"statements";a:1:{i:0;O:37:"SqlParser\Statements\ReplaceStatement":6:{s:7:"options";O:35:"SqlParser\Fragments\OptionsFragment":1:{s:7:"options";a:1:{i:1;s:12:"LOW_PRIORITY";}}s:4:"into";O:31:"SqlParser\Fragments\IntoKeyword":2:{s:5:"table";s:5:"users";s:6:"fields";N;}s:6:"values";N;s:3:"set";a:2:{i:0;O:30:"SqlParser\Fragments\SetKeyword":2:{s:6:"column";s:2:"id";s:5:"value";i:1;}i:1;O:30:"SqlParser\Fragments\SetKeyword":2:{s:6:"column";s:8:"username";s:5:"value";s:3:"Bar";}}s:5:"first";N;s:4:"last";i:21;}}}s:6:"errors";a:0:{}}