a:2:{s:6:"parser";O:16:"SqlParser\Parser":4:{s:4:"list";O:20:"SqlParser\TokensList":3:{s:6:"tokens";a:11:{i:0;O:15:"SqlParser\Token":5:{s:5:"token";s:7:"EXPLAIN";s:5:"value";s:7:"EXPLAIN";s:4:"type";i:1;s:5:"flags";i:3;s:8:"position";i:0;}i:1;O:15:"SqlParser\Token":5:{s:5:"token";s:1:" ";s:5:"value";s:1:" ";s:4:"type";i:3;s:5:"flags";i:0;s:8:"position";i:7;}i:2;O:15:"SqlParser\Token":5:{s:5:"token";s:6:"SELECT";s:5:"value";s:6:"SELECT";s:4:"type";i:1;s:5:"flags";i:3;s:8:"position";i:8;}i:3;O:15:"SqlParser\Token":5:{s:5:"token";s:1:" ";s:5:"value";s:1:" ";s:4:"type";i:3;s:5:"flags";i:0;s:8:"position";i:14;}i:4;O:15:"SqlParser\Token":5:{s:5:"token";s:1:"*";s:5:"value";s:1:"*";s:4:"type";i:2;s:5:"flags";i:1;s:8:"position";i:15;}i:5;O:15:"SqlParser\Token":5:{s:5:"token";s:1:" ";s:5:"value";s:1:" ";s:4:"type";i:3;s:5:"flags";i:0;s:8:"position";i:16;}i:6;O:15:"SqlParser\Token":5:{s:5:"token";s:4:"FROM";s:5:"value";s:4:"FROM";s:4:"type";i:1;s:5:"flags";i:3;s:8:"position";i:17;}i:7;O:15:"SqlParser\Token":5:{s:5:"token";s:1:" ";s:5:"value";s:1:" ";s:4:"type";i:3;s:5:"flags";i:0;s:8:"position";i:21;}i:8;O:15:"SqlParser\Token":5:{s:5:"token";s:4:"test";s:5:"value";s:4:"test";s:4:"type";i:0;s:5:"flags";i:0;s:8:"position";i:22;}i:9;O:15:"SqlParser\Token":5:{s:5:"token";s:1:";";s:5:"value";s:1:";";s:4:"type";i:9;s:5:"flags";i:0;s:8:"position";i:26;}i:10;O:15:"SqlParser\Token":5:{s:5:"token";N;s:5:"value";N;s:4:"type";i:9;s:5:"flags";i:0;s:8:"position";N;}}s:5:"count";i:11;s:3:"idx";i:11;}s:6:"strict";b:0;s:6:"errors";a:0:{}s:10:"statements";a:1:{i:0;O:37:"SqlParser\Statements\ExplainStatement":4:{s:7:"unknown";a:9:{i:0;r:5;i:1;r:11;i:2;r:17;i:3;r:23;i:4;r:29;i:5;r:35;i:6;r:41;i:7;r:47;i:8;r:53;}s:7:"options";N;s:5:"first";i:0;s:4:"last";i:9;}}}s:6:"errors";a:0:{}}