a:2:{s:6:"parser";O:16:"SqlParser\Parser":4:{s:4:"list";O:20:"SqlParser\TokensList":3:{s:6:"tokens";a:7:{i:0;O:15:"SqlParser\Token":5:{s:5:"token";s:4:"CALL";s:5:"value";s:4:"CALL";s:4:"type";i:1;s:5:"flags";i:3;s:8:"position";i:0;}i:1;O:15:"SqlParser\Token":5:{s:5:"token";s:1:" ";s:5:"value";s:1:" ";s:4:"type";i:3;s:5:"flags";i:0;s:8:"position";i:4;}i:2;O:15:"SqlParser\Token":5:{s:5:"token";s:3:"foo";s:5:"value";s:3:"foo";s:4:"type";i:0;s:5:"flags";i:0;s:8:"position";i:5;}i:3;O:15:"SqlParser\Token":5:{s:5:"token";s:1:"(";s:5:"value";s:1:"(";s:4:"type";i:2;s:5:"flags";i:16;s:8:"position";i:8;}i:4;O:15:"SqlParser\Token":5:{s:5:"token";s:1:")";s:5:"value";s:1:")";s:4:"type";i:2;s:5:"flags";i:16;s:8:"position";i:9;}i:5;O:15:"SqlParser\Token":5:{s:5:"token";s:1:";";s:5:"value";s:1:";";s:4:"type";i:9;s:5:"flags";i:0;s:8:"position";i:10;}i:6;O:15:"SqlParser\Token":5:{s:5:"token";N;s:5:"value";N;s:4:"type";i:9;s:5:"flags";i:0;s:8:"position";N;}}s:5:"count";i:7;s:3:"idx";i:7;}s:6:"strict";b:0;s:6:"errors";a:0:{}s:10:"statements";a:1:{i:0;O:34:"SqlParser\Statements\CallStatement":3:{s:4:"call";O:31:"SqlParser\Fragments\CallKeyword":2:{s:4:"name";s:3:"foo";s:10:"parameters";a:0:{}}s:5:"first";N;s:4:"last";i:4;}}}s:6:"errors";a:0:{}}